JOB cubic_lines_12809_0_0 : Exact family counts and matching diagnostic for the displayed strong-form table case. Both (1,3) and its reversed family are present in the script; gamma2.py reads only rec13.
SOURCE slack/cube_matching_fast.py ARGS ['12809', '3', '0', '0']
p=12809 box=(0,0) J0=3: uncovered=22564 (0.440), W4 cost=35242 = 1.3757 N; 4/3 needs matching >= 0.0847 p
  per family (i,j): lines/p, good/p, good fraction
    (1,2): 0.0000p 0.0000p 0.0000
    (1,3): 1.7313p 0.1313p 0.0758
  span  2: lines= 15559 (1.215p) good=    0 (0.000)
  span  3: lines= 13632 (1.064p) good= 1124 (0.082)
  span  4: lines=  3877 (0.303p) good=    0 (0.000)
  span  6: lines=  4991 (0.390p) good=  232 (0.046)
  span  8: lines=   959 (0.075p) good=    0 (0.000)
  span  9: lines=  1334 (0.104p) good=   88 (0.066)
  span 10: lines=   646 (0.050p) good=    0 (0.000)
  span 12: lines=  1305 (0.102p) good=   52 (0.040)
  span 14: lines=   299 (0.023p) good=    0 (0.000)
  span 15: lines=   562 (0.044p) good=   36 (0.064)
  span 16: lines=   254 (0.020p) good=    0 (0.000)
  span 18: lines=   572 (0.045p) good=   28 (0.049)
  span 20: lines=   159 (0.012p) good=    0 (0.000)
  span 21: lines=   312 (0.024p) good=   22 (0.071)
  span 22: lines=   124 (0.010p) good=    0 (0.000)
  span 24: lines=   369 (0.029p) good=   22 (0.060)
  span 26: lines=    98 (0.008p) good=    0 (0.000)
  span 27: lines=   150 (0.012p) good=    2 (0.013)
  span 28: lines=    71 (0.006p) good=    0 (0.000)
  span 30: lines=   202 (0.016p) good=   10 (0.050)
  span 32: lines=    56 (0.004p) good=    0 (0.000)
  span 33: lines=   124 (0.010p) good=    6 (0.048)
  span 34: lines=    60 (0.005p) good=    0 (0.000)
  span 36: lines=   127 (0.010p) good=   10 (0.079)
  span 38: lines=    45 (0.004p) good=    0 (0.000)
  span 39: lines=    76 (0.006p) good=    4 (0.053)
  span 40: lines=    42 (0.003p) good=    0 (0.000)
  span 42: lines=    99 (0.008p) good=    0 (0.000)
  span 44: lines=    41 (0.003p) good=    0 (0.000)
  span 45: lines=    62 (0.005p) good=    6 (0.097)
  span 46: lines=    31 (0.002p) good=    0 (0.000)
  span 48: lines=    86 (0.007p) good=    0 (0.000)
  span 50: lines=    30 (0.002p) good=    0 (0.000)
  span 51: lines=    66 (0.005p) good=    4 (0.061)
  span 52: lines=    26 (0.002p) good=    0 (0.000)
  span 54: lines=    63 (0.005p) good=    2 (0.032)
  span 56: lines=    14 (0.001p) good=    0 (0.000)
  span 57: lines=    38 (0.003p) good=    2 (0.053)
  span 58: lines=    19 (0.001p) good=    0 (0.000)
  span 60: lines=    49 (0.004p) good=    2 (0.041)
  span 62: lines=    17 (0.001p) good=    0 (0.000)
  span 63: lines=    22 (0.002p) good=    0 (0.000)
  span 64: lines=    17 (0.001p) good=    0 (0.000)
  span 66: lines=    48 (0.004p) good=    0 (0.000)
  span 68: lines=    18 (0.001p) good=    0 (0.000)
  span 69: lines=    30 (0.002p) good=    0 (0.000)
  span 70: lines=    13 (0.001p) good=    0 (0.000)
  span 72: lines=    40 (0.003p) good=    2 (0.050)
  span 74: lines=    12 (0.001p) good=    0 (0.000)
  span 75: lines=    20 (0.002p) good=    4 (0.200)
  span 76: lines=     7 (0.001p) good=    0 (0.000)
  span 78: lines=    34 (0.003p) good=    0 (0.000)
  span 80: lines=     8 (0.001p) good=    0 (0.000)
  span 81: lines=    10 (0.001p) good=    0 (0.000)
  span 82: lines=     9 (0.001p) good=    0 (0.000)
  span 84: lines=    22 (0.002p) good=    0 (0.000)
  span 86: lines=    12 (0.001p) good=    0 (0.000)
  span 87: lines=     4 (0.000p) good=    0 (0.000)
  span 88: lines=     8 (0.001p) good=    0 (0.000)
  span 90: lines=    26 (0.002p) good=    2 (0.077)
  span 92: lines=     8 (0.001p) good=    0 (0.000)
  span 93: lines=    12 (0.001p) good=    0 (0.000)
  span 94: lines=     6 (0.000p) good=    0 (0.000)
  span 96: lines=     6 (0.000p) good=    0 (0.000)
  span 98: lines=     6 (0.000p) good=    0 (0.000)
  span 99: lines=     6 (0.000p) good=    0 (0.000)
  span 100: lines=     6 (0.000p) good=    0 (0.000)
  span 102: lines=    31 (0.002p) good=    0 (0.000)
  span 104: lines=     4 (0.000p) good=    0 (0.000)
  span 105: lines=    20 (0.002p) good=    2 (0.100)
  span 106: lines=     7 (0.001p) good=    0 (0.000)
  span 108: lines=    17 (0.001p) good=    2 (0.118)
  span 110: lines=     7 (0.001p) good=    0 (0.000)
  span 111: lines=     8 (0.001p) good=    0 (0.000)
  span 112: lines=     6 (0.000p) good=    0 (0.000)
  span 114: lines=    25 (0.002p) good=    4 (0.160)
  span 116: lines=     2 (0.000p) good=    0 (0.000)
  span 117: lines=     6 (0.000p) good=    0 (0.000)
  span 118: lines=     6 (0.000p) good=    0 (0.000)
  span 120: lines=    11 (0.001p) good=    0 (0.000)
  span 122: lines=     3 (0.000p) good=    0 (0.000)
  span 123: lines=     6 (0.000p) good=    0 (0.000)
  span 124: lines=     3 (0.000p) good=    0 (0.000)
  span 126: lines=    10 (0.001p) good=    0 (0.000)
  span 128: lines=     5 (0.000p) good=    0 (0.000)
  span 130: lines=     1 (0.000p) good=    0 (0.000)
  span 132: lines=    11 (0.001p) good=    0 (0.000)
  span 134: lines=     4 (0.000p) good=    0 (0.000)
  span 135: lines=     2 (0.000p) good=    0 (0.000)
  span 136: lines=     3 (0.000p) good=    0 (0.000)
  span 138: lines=    11 (0.001p) good=    0 (0.000)
  span 140: lines=     3 (0.000p) good=    0 (0.000)
  span 141: lines=     2 (0.000p) good=    0 (0.000)
  span 142: lines=     5 (0.000p) good=    0 (0.000)
  span 144: lines=     8 (0.001p) good=    0 (0.000)
  span 146: lines=     3 (0.000p) good=    0 (0.000)
  span 147: lines=     2 (0.000p) good=    0 (0.000)
  span 148: lines=     2 (0.000p) good=    0 (0.000)
  span 150: lines=    17 (0.001p) good=    0 (0.000)
  span 152: lines=     2 (0.000p) good=    0 (0.000)
  span 153: lines=     2 (0.000p) good=    0 (0.000)
  span 154: lines=     5 (0.000p) good=    0 (0.000)
  span 156: lines=     5 (0.000p) good=    0 (0.000)
  span 158: lines=     2 (0.000p) good=    0 (0.000)
  span 159: lines=     6 (0.000p) good=    0 (0.000)
  span 160: lines=     4 (0.000p) good=    0 (0.000)
  span 162: lines=     7 (0.001p) good=    0 (0.000)
  span 164: lines=     4 (0.000p) good=    0 (0.000)
  span 165: lines=     4 (0.000p) good=    0 (0.000)
  span 166: lines=     2 (0.000p) good=    0 (0.000)
  span 168: lines=     4 (0.000p) good=    0 (0.000)
  span 170: lines=     3 (0.000p) good=    0 (0.000)
  span 172: lines=     1 (0.000p) good=    0 (0.000)
  span 174: lines=     7 (0.001p) good=    4 (0.571)
  span 176: lines=     4 (0.000p) good=    0 (0.000)
  span 177: lines=    10 (0.001p) good=    0 (0.000)
  span 178: lines=     4 (0.000p) good=    0 (0.000)
  span 180: lines=     9 (0.001p) good=    0 (0.000)
  span 182: lines=     5 (0.000p) good=    0 (0.000)
  span 183: lines=     6 (0.000p) good=    0 (0.000)
  span 184: lines=     1 (0.000p) good=    0 (0.000)
  span 186: lines=     1 (0.000p) good=    0 (0.000)
  span 188: lines=     4 (0.000p) good=    0 (0.000)
  span 189: lines=     4 (0.000p) good=    0 (0.000)
  span 190: lines=     1 (0.000p) good=    0 (0.000)
  span 192: lines=     3 (0.000p) good=    0 (0.000)
  span 196: lines=     1 (0.000p) good=    0 (0.000)
  span 200: lines=     2 (0.000p) good=    0 (0.000)
  span 202: lines=     2 (0.000p) good=    0 (0.000)
  span 204: lines=     6 (0.000p) good=    0 (0.000)
  span 206: lines=     3 (0.000p) good=    0 (0.000)
  span 207: lines=     6 (0.000p) good=    0 (0.000)
  span 208: lines=     2 (0.000p) good=    0 (0.000)
  span 210: lines=     2 (0.000p) good=    0 (0.000)
  span 212: lines=     2 (0.000p) good=    0 (0.000)
  span 216: lines=     1 (0.000p) good=    0 (0.000)
  span 218: lines=     3 (0.000p) good=    0 (0.000)
  span 220: lines=     1 (0.000p) good=    0 (0.000)
  span 224: lines=     2 (0.000p) good=    0 (0.000)
  span 226: lines=     2 (0.000p) good=    0 (0.000)
  span 228: lines=     6 (0.000p) good=    0 (0.000)
  span 231: lines=    10 (0.001p) good=    0 (0.000)
  span 232: lines=     1 (0.000p) good=    0 (0.000)
  span 234: lines=     6 (0.000p) good=    0 (0.000)
  span 240: lines=     6 (0.000p) good=    0 (0.000)
  span 242: lines=     2 (0.000p) good=    0 (0.000)
  span 244: lines=     6 (0.000p) good=    0 (0.000)
  span 246: lines=     3 (0.000p) good=    0 (0.000)
  span 248: lines=     2 (0.000p) good=    0 (0.000)
  span 249: lines=     2 (0.000p) good=    0 (0.000)
  span 250: lines=     1 (0.000p) good=    0 (0.000)
  span 252: lines=     3 (0.000p) good=    0 (0.000)
  span 254: lines=     1 (0.000p) good=    0 (0.000)
  span 255: lines=     8 (0.001p) good=    0 (0.000)
  span 264: lines=    12 (0.001p) good=    0 (0.000)
  span 266: lines=     1 (0.000p) good=    0 (0.000)
  span 267: lines=     4 (0.000p) good=    0 (0.000)
  span 272: lines=     3 (0.000p) good=    0 (0.000)
  span 274: lines=     1 (0.000p) good=    0 (0.000)
  span 276: lines=     7 (0.001p) good=    0 (0.000)
  span 278: lines=     1 (0.000p) good=    0 (0.000)
  span 282: lines=     3 (0.000p) good=    0 (0.000)
  span 284: lines=     1 (0.000p) good=    0 (0.000)
  span 285: lines=     4 (0.000p) good=    2 (0.500)
  span 296: lines=     3 (0.000p) good=    0 (0.000)
  span 298: lines=     1 (0.000p) good=    0 (0.000)
  span 300: lines=     4 (0.000p) good=    0 (0.000)
  span 302: lines=     1 (0.000p) good=    0 (0.000)
  span 303: lines=    12 (0.001p) good=    2 (0.167)
  span 304: lines=     3 (0.000p) good=    0 (0.000)
  span 309: lines=     2 (0.000p) good=    0 (0.000)
  span 310: lines=     1 (0.000p) good=    0 (0.000)
  span 312: lines=     2 (0.000p) good=    0 (0.000)
  span 318: lines=     1 (0.000p) good=    0 (0.000)
  span 320: lines=     1 (0.000p) good=    0 (0.000)
  span 324: lines=    10 (0.001p) good=    0 (0.000)
  span 326: lines=     2 (0.000p) good=    0 (0.000)
  span 330: lines=     1 (0.000p) good=    0 (0.000)
  span 332: lines=     1 (0.000p) good=    0 (0.000)
  span 336: lines=     1 (0.000p) good=    0 (0.000)
  span 338: lines=     2 (0.000p) good=    0 (0.000)
  span 340: lines=     1 (0.000p) good=    0 (0.000)
  span 342: lines=     2 (0.000p) good=    0 (0.000)
  span 352: lines=     1 (0.000p) good=    0 (0.000)
  span 354: lines=     1 (0.000p) good=    0 (0.000)
  span 356: lines=     1 (0.000p) good=    0 (0.000)
  span 358: lines=     2 (0.000p) good=    0 (0.000)
  span 363: lines=     8 (0.001p) good=    0 (0.000)
  span 364: lines=     1 (0.000p) good=    0 (0.000)
  span 366: lines=     3 (0.000p) good=    0 (0.000)
  span 370: lines=     1 (0.000p) good=    0 (0.000)
  span 378: lines=     2 (0.000p) good=    0 (0.000)
  span 386: lines=     1 (0.000p) good=    0 (0.000)
  span 388: lines=     1 (0.000p) good=    0 (0.000)
  span 392: lines=     1 (0.000p) good=    0 (0.000)
  span 394: lines=     1 (0.000p) good=    0 (0.000)
  span 396: lines=     2 (0.000p) good=    0 (0.000)
  span 404: lines=     2 (0.000p) good=    0 (0.000)
  span 408: lines=     4 (0.000p) good=    0 (0.000)
  span 410: lines=     1 (0.000p) good=    0 (0.000)
  span 416: lines=     1 (0.000p) good=    0 (0.000)
  span 432: lines=     3 (0.000p) good=    0 (0.000)
  span 442: lines=     1 (0.000p) good=    0 (0.000)
  span 448: lines=     1 (0.000p) good=    0 (0.000)
  span 454: lines=     1 (0.000p) good=    0 (0.000)
  span 466: lines=     1 (0.000p) good=    0 (0.000)
  span 472: lines=     1 (0.000p) good=    0 (0.000)
  span 474: lines=     4 (0.000p) good=    0 (0.000)
  span 476: lines=     1 (0.000p) good=    0 (0.000)
  span 488: lines=     1 (0.000p) good=    0 (0.000)
  span 489: lines=     2 (0.000p) good=    0 (0.000)
  span 490: lines=     1 (0.000p) good=    0 (0.000)
  span 498: lines=     1 (0.000p) good=    0 (0.000)
  span 500: lines=     2 (0.000p) good=    0 (0.000)
  span 504: lines=     5 (0.000p) good=    0 (0.000)
  span 506: lines=     2 (0.000p) good=    0 (0.000)
  span 528: lines=     1 (0.000p) good=    0 (0.000)
  span 530: lines=     2 (0.000p) good=    0 (0.000)
  span 534: lines=     1 (0.000p) good=    0 (0.000)
  span 540: lines=     2 (0.000p) good=    0 (0.000)
  span 546: lines=     5 (0.000p) good=    0 (0.000)
  span 554: lines=     1 (0.000p) good=    0 (0.000)
  span 568: lines=     1 (0.000p) good=    0 (0.000)
  span 570: lines=     1 (0.000p) good=    0 (0.000)
  span 573: lines=     2 (0.000p) good=    0 (0.000)
  span 580: lines=     1 (0.000p) good=    0 (0.000)
  span 585: lines=     4 (0.000p) good=    0 (0.000)
  span 588: lines=     9 (0.001p) good=    0 (0.000)
  span 596: lines=     1 (0.000p) good=    0 (0.000)
  span 602: lines=     1 (0.000p) good=    0 (0.000)
  span 606: lines=     2 (0.000p) good=    0 (0.000)
  span 612: lines=     1 (0.000p) good=    0 (0.000)
  span 614: lines=     1 (0.000p) good=    0 (0.000)
  span 620: lines=     1 (0.000p) good=    0 (0.000)
  span 630: lines=     1 (0.000p) good=    0 (0.000)
  span 632: lines=     1 (0.000p) good=    0 (0.000)
  span 640: lines=     1 (0.000p) good=    0 (0.000)
  span 668: lines=     1 (0.000p) good=    0 (0.000)
  span 672: lines=     1 (0.000p) good=    0 (0.000)
  span 684: lines=     1 (0.000p) good=    0 (0.000)
  span 696: lines=     2 (0.000p) good=    0 (0.000)
  span 702: lines=     4 (0.000p) good=    0 (0.000)
  span 726: lines=     4 (0.000p) good=    0 (0.000)
  span 826: lines=     1 (0.000p) good=    0 (0.000)
  span 861: lines=     4 (0.000p) good=    0 (0.000)
  span 864: lines=     4 (0.000p) good=    0 (0.000)
  span 872: lines=     1 (0.000p) good=    0 (0.000)
  span 897: lines=     2 (0.000p) good=    0 (0.000)
  span 936: lines=     5 (0.000p) good=    2 (0.400)
  span 1020: lines=     2 (0.000p) good=    0 (0.000)
  span 1041: lines=     4 (0.000p) good=    0 (0.000)
  span 1052: lines=     1 (0.000p) good=    0 (0.000)
  span 1074: lines=     1 (0.000p) good=    0 (0.000)
  span 1076: lines=     1 (0.000p) good=    0 (0.000)
  span 1092: lines=     1 (0.000p) good=    0 (0.000)
  span 1146: lines=     1 (0.000p) good=    0 (0.000)
  span 1197: lines=     4 (0.000p) good=    2 (0.500)
  span 1202: lines=     1 (0.000p) good=    0 (0.000)
  span 1329: lines=     2 (0.000p) good=    0 (0.000)
  span 1332: lines=     2 (0.000p) good=    0 (0.000)
  span 1334: lines=     1 (0.000p) good=    0 (0.000)
  span 1352: lines=     1 (0.000p) good=    0 (0.000)
  span 1402: lines=     1 (0.000p) good=    0 (0.000)
  span 1416: lines=     1 (0.000p) good=    0 (0.000)
  span 1492: lines=     1 (0.000p) good=    0 (0.000)
  span 1514: lines=     1 (0.000p) good=    0 (0.000)
  span 1520: lines=     1 (0.000p) good=    0 (0.000)
  span 1566: lines=     4 (0.000p) good=    0 (0.000)
  span 1592: lines=     1 (0.000p) good=    0 (0.000)
  span 1690: lines=     1 (0.000p) good=    0 (0.000)
  span 1722: lines=     1 (0.000p) good=    0 (0.000)
  span 1812: lines=     1 (0.000p) good=    0 (0.000)
  span 1872: lines=     2 (0.000p) good=    0 (0.000)
  span 1995: lines=     8 (0.001p) good=    0 (0.000)
  span 2157: lines=     2 (0.000p) good=    0 (0.000)
  span 2206: lines=     1 (0.000p) good=    0 (0.000)
  span 2658: lines=     1 (0.000p) good=    0 (0.000)
  span 3174: lines=     1 (0.000p) good=    0 (0.000)
  span 3202: lines=     1 (0.000p) good=    0 (0.000)
  span 3582: lines=     1 (0.000p) good=    0 (0.000)
  span 3584: lines=     1 (0.000p) good=    0 (0.000)
  span 4953: lines=     4 (0.000p) good=    2 (0.500)
  span 6888: lines=     1 (0.000p) good=    0 (0.000)
  span 8566: lines=     1 (0.000p) good=    0 (0.000)
  span 8646: lines=     1 (0.000p) good=    0 (0.000)
  family j<=3: good=1682 (0.1313p) pairs=352 (0.0275p) |good|-pairs=0.1038p  Caro-Wei=0.1072p  greedy=0.1101p -> cost(greedy)=1.3206 N
  family j<=4: good=1682 (0.1313p) pairs=352 (0.0275p) |good|-pairs=0.1038p  Caro-Wei=0.1072p  greedy=0.1101p -> cost(greedy)=1.3206 N
  family j<=5: good=1682 (0.1313p) pairs=352 (0.0275p) |good|-pairs=0.1038p  Caro-Wei=0.1072p  greedy=0.1101p -> cost(greedy)=1.3206 N
  family j<=6: good=1682 (0.1313p) pairs=352 (0.0275p) |good|-pairs=0.1038p  Caro-Wei=0.1072p  greedy=0.1101p -> cost(greedy)=1.3206 N
  family j<=8: good=1682 (0.1313p) pairs=352 (0.0275p) |good|-pairs=0.1038p  Caro-Wei=0.1072p  greedy=0.1101p -> cost(greedy)=1.3206 N
JOB COMPLETE cubic_lines_12809_0_0
