JOB cubic_lines_3203_700_-2100 : Exact family counts and matching diagnostic for the displayed strong-form table case. Both (1,3) and its reversed family are present in the script; gamma2.py reads only rec13.
SOURCE slack/cube_matching_fast.py ARGS ['3203', '3', '700', '-2100']
p=3203 box=(700,-2100) J0=3: uncovered=5562 (0.434), W4 cost=8772 = 1.3693 N; 4/3 needs matching >= 0.0720 p
  per family (i,j): lines/p, good/p, good fraction
    (1,2): 0.0000p 0.0000p 0.0000
    (1,3): 1.8017p 0.1339p 0.0743
  span  2: lines=  3911 (1.221p) good=  510 (0.130)
  span  3: lines=  3454 (1.078p) good=  275 (0.080)
  span  4: lines=  1015 (0.317p) good=  125 (0.123)
  span  6: lines=  1313 (0.410p) good=  109 (0.083)
  span  8: lines=   220 (0.069p) good=   28 (0.127)
  span  9: lines=   377 (0.118p) good=   29 (0.077)
  span 10: lines=   157 (0.049p) good=   24 (0.153)
  span 12: lines=   346 (0.108p) good=   23 (0.066)
  span 14: lines=    80 (0.025p) good=   12 (0.150)
  span 15: lines=   125 (0.039p) good=    7 (0.056)
  span 16: lines=    64 (0.020p) good=    7 (0.109)
  span 18: lines=   142 (0.044p) good=   12 (0.085)
  span 20: lines=    41 (0.013p) good=    3 (0.073)
  span 21: lines=    97 (0.030p) good=    3 (0.031)
  span 22: lines=    34 (0.011p) good=    2 (0.059)
  span 24: lines=    77 (0.024p) good=   12 (0.156)
  span 26: lines=    28 (0.009p) good=    3 (0.107)
  span 27: lines=    48 (0.015p) good=    1 (0.021)
  span 28: lines=    12 (0.004p) good=    1 (0.083)
  span 30: lines=    53 (0.017p) good=    9 (0.170)
  span 32: lines=    16 (0.005p) good=    2 (0.125)
  span 33: lines=    37 (0.012p) good=    3 (0.081)
  span 34: lines=    11 (0.003p) good=    0 (0.000)
  span 36: lines=    39 (0.012p) good=    4 (0.103)
  span 38: lines=    15 (0.005p) good=    3 (0.200)
  span 39: lines=    17 (0.005p) good=    1 (0.059)
  span 40: lines=    10 (0.003p) good=    2 (0.200)
  span 42: lines=    28 (0.009p) good=    1 (0.036)
  span 44: lines=    10 (0.003p) good=    0 (0.000)
  span 45: lines=    11 (0.003p) good=    0 (0.000)
  span 46: lines=     5 (0.002p) good=    0 (0.000)
  span 48: lines=    25 (0.008p) good=    0 (0.000)
  span 50: lines=     5 (0.002p) good=    0 (0.000)
  span 51: lines=    26 (0.008p) good=    0 (0.000)
  span 52: lines=     4 (0.001p) good=    0 (0.000)
  span 54: lines=     4 (0.001p) good=    0 (0.000)
  span 56: lines=     3 (0.001p) good=    0 (0.000)
  span 57: lines=     5 (0.002p) good=    0 (0.000)
  span 58: lines=     5 (0.002p) good=    0 (0.000)
  span 60: lines=    27 (0.008p) good=    0 (0.000)
  span 62: lines=     1 (0.000p) good=    0 (0.000)
  span 64: lines=     4 (0.001p) good=    0 (0.000)
  span 66: lines=     6 (0.002p) good=    0 (0.000)
  span 68: lines=     3 (0.001p) good=    0 (0.000)
  span 69: lines=    10 (0.003p) good=    1 (0.100)
  span 70: lines=     8 (0.002p) good=    3 (0.375)
  span 72: lines=     3 (0.001p) good=    1 (0.333)
  span 74: lines=     2 (0.001p) good=    0 (0.000)
  span 78: lines=    17 (0.005p) good=    3 (0.176)
  span 80: lines=     1 (0.000p) good=    0 (0.000)
  span 81: lines=     2 (0.001p) good=    0 (0.000)
  span 82: lines=     4 (0.001p) good=    1 (0.250)
  span 84: lines=     3 (0.001p) good=    0 (0.000)
  span 86: lines=     4 (0.001p) good=    2 (0.500)
  span 88: lines=     1 (0.000p) good=    0 (0.000)
  span 90: lines=     8 (0.002p) good=    0 (0.000)
  span 93: lines=     5 (0.002p) good=    0 (0.000)
  span 96: lines=     8 (0.002p) good=    0 (0.000)
  span 99: lines=     1 (0.000p) good=    0 (0.000)
  span 100: lines=     6 (0.002p) good=    0 (0.000)
  span 102: lines=     1 (0.000p) good=    0 (0.000)
  span 105: lines=     5 (0.002p) good=    0 (0.000)
  span 106: lines=     2 (0.001p) good=    0 (0.000)
  span 108: lines=     3 (0.001p) good=    0 (0.000)
  span 111: lines=     2 (0.001p) good=    0 (0.000)
  span 120: lines=    12 (0.004p) good=    1 (0.083)
  span 124: lines=     2 (0.001p) good=    1 (0.500)
  span 126: lines=     1 (0.000p) good=    0 (0.000)
  span 129: lines=     2 (0.001p) good=    0 (0.000)
  span 130: lines=     1 (0.000p) good=    0 (0.000)
  span 132: lines=     1 (0.000p) good=    0 (0.000)
  span 135: lines=     2 (0.001p) good=    0 (0.000)
  span 138: lines=     6 (0.002p) good=    0 (0.000)
  span 140: lines=     4 (0.001p) good=    0 (0.000)
  span 141: lines=     1 (0.000p) good=    0 (0.000)
  span 144: lines=     4 (0.001p) good=    0 (0.000)
  span 146: lines=     1 (0.000p) good=    0 (0.000)
  span 150: lines=     5 (0.002p) good=    0 (0.000)
  span 156: lines=     4 (0.001p) good=    0 (0.000)
  span 158: lines=     2 (0.001p) good=    0 (0.000)
  span 160: lines=     4 (0.001p) good=    0 (0.000)
  span 162: lines=     4 (0.001p) good=    0 (0.000)
  span 165: lines=     4 (0.001p) good=    0 (0.000)
  span 174: lines=     3 (0.001p) good=    0 (0.000)
  span 176: lines=     2 (0.001p) good=    0 (0.000)
  span 178: lines=     1 (0.000p) good=    0 (0.000)
  span 186: lines=     1 (0.000p) good=    0 (0.000)
  span 196: lines=     4 (0.001p) good=    0 (0.000)
  span 200: lines=     2 (0.001p) good=    0 (0.000)
  span 201: lines=     4 (0.001p) good=    0 (0.000)
  span 202: lines=     1 (0.000p) good=    0 (0.000)
  span 213: lines=     2 (0.001p) good=    0 (0.000)
  span 214: lines=     1 (0.000p) good=    0 (0.000)
  span 218: lines=     2 (0.001p) good=    0 (0.000)
  span 222: lines=     3 (0.001p) good=    0 (0.000)
  span 224: lines=     1 (0.000p) good=    0 (0.000)
  span 225: lines=     1 (0.000p) good=    0 (0.000)
  span 230: lines=     2 (0.001p) good=    0 (0.000)
  span 237: lines=     1 (0.000p) good=    0 (0.000)
  span 240: lines=     4 (0.001p) good=    0 (0.000)
  span 256: lines=     2 (0.001p) good=    0 (0.000)
  span 276: lines=     1 (0.000p) good=    0 (0.000)
  span 279: lines=     4 (0.001p) good=    0 (0.000)
  span 282: lines=     2 (0.001p) good=    0 (0.000)
  span 291: lines=     2 (0.001p) good=    0 (0.000)
  span 309: lines=     1 (0.000p) good=    0 (0.000)
  span 312: lines=     1 (0.000p) good=    0 (0.000)
  span 318: lines=     6 (0.002p) good=    0 (0.000)
  span 330: lines=     2 (0.001p) good=    0 (0.000)
  span 354: lines=     2 (0.001p) good=    2 (1.000)
  span 358: lines=     2 (0.001p) good=    1 (0.500)
  span 363: lines=     6 (0.002p) good=    0 (0.000)
  span 394: lines=     2 (0.001p) good=    1 (0.500)
  span 399: lines=     2 (0.001p) good=    0 (0.000)
  span 402: lines=     2 (0.001p) good=    0 (0.000)
  span 406: lines=     1 (0.000p) good=    0 (0.000)
  span 480: lines=     1 (0.000p) good=    0 (0.000)
  span 498: lines=     6 (0.002p) good=    0 (0.000)
  span 537: lines=     1 (0.000p) good=    0 (0.000)
  span 552: lines=     2 (0.001p) good=    1 (0.500)
  span 654: lines=     1 (0.000p) good=    0 (0.000)
  span 660: lines=     4 (0.001p) good=    1 (0.250)
  span 694: lines=     2 (0.001p) good=    0 (0.000)
  span 776: lines=     2 (0.001p) good=    0 (0.000)
  span 783: lines=     5 (0.002p) good=    0 (0.000)
  span 798: lines=     2 (0.001p) good=    0 (0.000)
  span 987: lines=     2 (0.001p) good=    1 (0.500)
  span 992: lines=     1 (0.000p) good=    0 (0.000)
  span 1131: lines=     2 (0.001p) good=    1 (0.500)
  family j<=3: good=429 (0.1339p) pairs=81 (0.0253p) |good|-pairs=0.1086p  Caro-Wei=0.1120p  greedy=0.1146p -> cost(greedy)=1.3121 N
  family j<=4: good=429 (0.1339p) pairs=81 (0.0253p) |good|-pairs=0.1086p  Caro-Wei=0.1120p  greedy=0.1146p -> cost(greedy)=1.3121 N
  family j<=5: good=429 (0.1339p) pairs=81 (0.0253p) |good|-pairs=0.1086p  Caro-Wei=0.1120p  greedy=0.1146p -> cost(greedy)=1.3121 N
  family j<=6: good=429 (0.1339p) pairs=81 (0.0253p) |good|-pairs=0.1086p  Caro-Wei=0.1120p  greedy=0.1146p -> cost(greedy)=1.3121 N
  family j<=8: good=429 (0.1339p) pairs=81 (0.0253p) |good|-pairs=0.1086p  Caro-Wei=0.1120p  greedy=0.1146p -> cost(greedy)=1.3121 N
JOB COMPLETE cubic_lines_3203_700_-2100
