JOB km1_lines : Slope profiles for every odd prime through 1500.
SOURCE slack/km1_lines.py ARGS ['1500']
p: #lines with 5,6,7,8 points (slope +1); 8-lines/p
  11: 5:  0 6:  0 7:  0 8:  2   8/p=0.182  (>=5 total 2, /p=0.182)
  13: 5:  0 6:  2 7:  0 8:  0   8/p=0.000  (>=5 total 2, /p=0.154)
  17: 5:  2 6:  4 7:  0 8:  0   8/p=0.000  (>=5 total 6, /p=0.353)
  19: 5:  0 6:  4 7:  0 8:  2   8/p=0.105  (>=5 total 6, /p=0.316)
  23: 5:  4 6:  0 7:  2 8:  2   8/p=0.087  (>=5 total 8, /p=0.348)
  29: 5:  2 6:  6 7:  2 8:  4   8/p=0.138  (>=5 total 14, /p=0.483)
  31: 5:  4 6:  4 7:  2 8:  2   8/p=0.065  (>=5 total 12, /p=0.387)
  37: 5:  2 6:  6 7:  2 8:  4   8/p=0.108  (>=5 total 14, /p=0.378)
  41: 5:  4 6:  6 7:  0 8:  2   8/p=0.049  (>=5 total 12, /p=0.293)
  43: 5:  4 6:  0 7:  4 8:  6   8/p=0.140  (>=5 total 14, /p=0.326)
  47: 5:  4 6:  4 7:  2 8:  6   8/p=0.128  (>=5 total 16, /p=0.340)
  53: 5:  2 6:  6 7:  2 8:  4   8/p=0.075  (>=5 total 14, /p=0.264)
  59: 5:  4 6: 12 7:  4 8:  4   8/p=0.068  (>=5 total 24, /p=0.407)
  61: 5:  8 6: 14 7:  8 8:  2   8/p=0.033  (>=5 total 32, /p=0.525)
  67: 5:  6 6:  8 7:  6 8:  6   8/p=0.090  (>=5 total 26, /p=0.388)
  71: 5:  6 6:  8 7:  4 8:  8   8/p=0.113  (>=5 total 26, /p=0.366)
  73: 5: 12 6: 10 7:  8 8:  4   8/p=0.055  (>=5 total 34, /p=0.466)
  79: 5:  4 6: 16 7:  2 8:  8   8/p=0.101  (>=5 total 30, /p=0.380)
  83: 5: 10 6:  8 7: 10 8:  6   8/p=0.072  (>=5 total 34, /p=0.410)
  89: 5:  4 6: 12 7:  2 8: 10   8/p=0.112  (>=5 total 28, /p=0.315)
  97: 5:  6 6: 16 7:  4 8:  6   8/p=0.062  (>=5 total 32, /p=0.330)
 101: 5:  8 6: 18 7:  8 8:  8   8/p=0.079  (>=5 total 42, /p=0.416)
 103: 5: 12 6: 16 7: 10 8:  6   8/p=0.058  (>=5 total 44, /p=0.427)
 107: 5: 14 6:  4 7: 14 8: 10   8/p=0.093  (>=5 total 42, /p=0.393)
 109: 5:  4 6: 26 7:  4 8:  8   8/p=0.073  (>=5 total 42, /p=0.385)
 113: 5: 14 6: 22 7: 10 8:  8   8/p=0.071  (>=5 total 54, /p=0.478)
 127: 5: 18 6: 12 7: 16 8:  8   8/p=0.063  (>=5 total 54, /p=0.425)
 131: 5:  8 6: 28 7:  8 8: 10   8/p=0.076  (>=5 total 54, /p=0.412)
 137: 5: 14 6: 28 7: 12 8: 12   8/p=0.088  (>=5 total 66, /p=0.482)
 139: 5: 10 6: 28 7: 10 8: 10   8/p=0.072  (>=5 total 58, /p=0.417)
 149: 5:  6 6: 30 7:  6 8: 12   8/p=0.081  (>=5 total 54, /p=0.362)
 151: 5: 12 6: 20 7: 10 8: 16   8/p=0.106  (>=5 total 58, /p=0.384)
 157: 5:  6 6: 30 7:  6 8: 12   8/p=0.076  (>=5 total 54, /p=0.344)
 163: 5: 10 6: 32 7: 10 8: 14   8/p=0.086  (>=5 total 66, /p=0.405)
 167: 5: 14 6: 24 7: 12 8: 16   8/p=0.096  (>=5 total 66, /p=0.395)
 173: 5: 20 6: 30 7: 20 8: 14   8/p=0.081  (>=5 total 84, /p=0.486)
 179: 5: 12 6: 40 7: 12 8: 12   8/p=0.067  (>=5 total 76, /p=0.425)
 181: 5: 16 6: 42 7: 16 8: 12   8/p=0.066  (>=5 total 86, /p=0.475)
 191: 5: 10 6: 36 7:  8 8: 20   8/p=0.105  (>=5 total 74, /p=0.387)
 193: 5: 16 6: 42 7: 12 8: 16   8/p=0.083  (>=5 total 86, /p=0.446)
 197: 5: 12 6: 38 7: 12 8: 18   8/p=0.091  (>=5 total 80, /p=0.406)
 199: 5: 12 6: 44 7: 10 8: 16   8/p=0.080  (>=5 total 82, /p=0.412)
 211: 5: 20 6: 36 7: 20 8: 14   8/p=0.066  (>=5 total 90, /p=0.427)
 223: 5: 12 6: 40 7: 10 8: 24   8/p=0.108  (>=5 total 86, /p=0.386)
 227: 5: 18 6: 48 7: 18 8: 14   8/p=0.062  (>=5 total 98, /p=0.432)
 229: 5:  6 6: 42 7:  6 8: 22   8/p=0.096  (>=5 total 76, /p=0.332)
 233: 5: 22 6: 28 7: 20 8: 16   8/p=0.069  (>=5 total 86, /p=0.369)
 239: 5: 18 6: 40 7: 16 8: 22   8/p=0.092  (>=5 total 96, /p=0.402)
 241: 5: 28 6: 52 7: 26 8: 14   8/p=0.058  (>=5 total 120, /p=0.498)
 251: 5: 18 6: 48 7: 18 8: 20   8/p=0.080  (>=5 total 104, /p=0.414)
 257: 5: 22 6: 34 7: 18 8: 26   8/p=0.101  (>=5 total 100, /p=0.389)
 263: 5: 22 6: 36 7: 20 8: 26   8/p=0.099  (>=5 total 104, /p=0.395)
 269: 5: 28 6: 50 7: 28 8: 20   8/p=0.074  (>=5 total 126, /p=0.468)
 271: 5: 20 6: 40 7: 18 8: 28   8/p=0.103  (>=5 total 106, /p=0.391)
 277: 5: 28 6: 38 7: 28 8: 26   8/p=0.094  (>=5 total 120, /p=0.433)
 281: 5: 22 6: 52 7: 20 8: 20   8/p=0.071  (>=5 total 114, /p=0.406)
 283: 5: 34 6: 32 7: 34 8: 20   8/p=0.071  (>=5 total 120, /p=0.424)
 293: 5: 26 6: 62 7: 26 8: 24   8/p=0.082  (>=5 total 138, /p=0.471)
 307: 5: 36 6: 44 7: 36 8: 18   8/p=0.059  (>=5 total 134, /p=0.436)
 311: 5: 20 6: 72 7: 18 8: 22   8/p=0.071  (>=5 total 132, /p=0.424)
 313: 5: 30 6: 46 7: 26 8: 20   8/p=0.064  (>=5 total 122, /p=0.390)
 317: 5: 24 6: 46 7: 24 8: 26   8/p=0.082  (>=5 total 120, /p=0.379)
 331: 5: 14 6: 68 7: 14 8: 34   8/p=0.103  (>=5 total 130, /p=0.393)
 337: 5: 28 6: 62 7: 24 8: 22   8/p=0.065  (>=5 total 136, /p=0.404)
 347: 5: 34 6: 56 7: 34 8: 24   8/p=0.069  (>=5 total 148, /p=0.427)
 349: 5: 28 6: 70 7: 28 8: 26   8/p=0.074  (>=5 total 152, /p=0.436)
 353: 5: 24 6: 54 7: 20 8: 30   8/p=0.085  (>=5 total 128, /p=0.363)
 359: 5: 20 6: 64 7: 18 8: 38   8/p=0.106  (>=5 total 140, /p=0.390)
 367: 5: 42 6: 44 7: 40 8: 28   8/p=0.076  (>=5 total 154, /p=0.420)
 373: 5: 34 6: 46 7: 34 8: 32   8/p=0.086  (>=5 total 146, /p=0.391)
 379: 5: 28 6: 60 7: 28 8: 36   8/p=0.095  (>=5 total 152, /p=0.401)
 383: 5: 32 6: 56 7: 30 8: 36   8/p=0.094  (>=5 total 154, /p=0.402)
 389: 5: 38 6: 66 7: 38 8: 34   8/p=0.087  (>=5 total 176, /p=0.452)
 397: 5: 24 6: 58 7: 24 8: 36   8/p=0.091  (>=5 total 142, /p=0.358)
 401: 5: 34 6: 70 7: 30 8: 32   8/p=0.080  (>=5 total 166, /p=0.414)
 409: 5: 40 6: 80 7: 38 8: 24   8/p=0.059  (>=5 total 182, /p=0.445)
 419: 5: 30 6: 68 7: 30 8: 40   8/p=0.095  (>=5 total 168, /p=0.401)
 421: 5: 34 6: 66 7: 34 8: 30   8/p=0.071  (>=5 total 164, /p=0.390)
 431: 5: 44 6: 68 7: 42 8: 30   8/p=0.070  (>=5 total 184, /p=0.427)
 433: 5: 30 6: 74 7: 26 8: 34   8/p=0.079  (>=5 total 164, /p=0.379)
 439: 5: 32 6: 88 7: 30 8: 34   8/p=0.077  (>=5 total 184, /p=0.419)
 443: 5: 42 6: 68 7: 42 8: 34   8/p=0.077  (>=5 total 186, /p=0.420)
 449: 5: 40 6: 76 7: 38 8: 38   8/p=0.085  (>=5 total 192, /p=0.428)
 457: 5: 36 6: 68 7: 34 8: 34   8/p=0.074  (>=5 total 172, /p=0.376)
 461: 5: 36 6: 74 7: 36 8: 32   8/p=0.069  (>=5 total 178, /p=0.386)
 463: 5: 44 6: 76 7: 42 8: 34   8/p=0.073  (>=5 total 196, /p=0.423)
 467: 5: 40 6: 76 7: 40 8: 38   8/p=0.081  (>=5 total 194, /p=0.415)
 479: 5: 42 6: 80 7: 40 8: 38   8/p=0.079  (>=5 total 200, /p=0.418)
 487: 5: 48 6: 80 7: 46 8: 34   8/p=0.070  (>=5 total 208, /p=0.427)
 491: 5: 40 6:100 7: 40 8: 32   8/p=0.065  (>=5 total 212, /p=0.432)
 499: 5: 34 6:100 7: 34 8: 40   8/p=0.080  (>=5 total 208, /p=0.417)
 503: 5: 42 6: 96 7: 40 8: 36   8/p=0.072  (>=5 total 214, /p=0.425)
 509: 5: 50 6: 82 7: 50 8: 38   8/p=0.075  (>=5 total 220, /p=0.432)
 521: 5: 36 6:114 7: 32 8: 44   8/p=0.084  (>=5 total 226, /p=0.434)
 523: 5: 40 6: 88 7: 40 8: 46   8/p=0.088  (>=5 total 214, /p=0.409)
 541: 5: 46 6: 90 7: 46 8: 54   8/p=0.100  (>=5 total 236, /p=0.436)
 547: 5: 48 6: 96 7: 48 8: 40   8/p=0.073  (>=5 total 232, /p=0.424)
 557: 5: 44 6: 78 7: 44 8: 46   8/p=0.083  (>=5 total 212, /p=0.381)
 563: 5: 60 6: 80 7: 60 8: 40   8/p=0.071  (>=5 total 240, /p=0.426)
 569: 5: 46 6: 92 7: 44 8: 44   8/p=0.077  (>=5 total 226, /p=0.397)
 571: 5: 42 6: 92 7: 42 8: 54   8/p=0.095  (>=5 total 230, /p=0.403)
 577: 5: 46 6: 86 7: 42 8: 56   8/p=0.097  (>=5 total 230, /p=0.399)
 587: 5: 48 6: 92 7: 48 8: 52   8/p=0.089  (>=5 total 240, /p=0.409)
 593: 5: 68 6: 84 7: 66 8: 50   8/p=0.084  (>=5 total 268, /p=0.452)
 599: 5: 50 6:124 7: 48 8: 38   8/p=0.063  (>=5 total 260, /p=0.434)
 601: 5: 56 6:100 7: 54 8: 42   8/p=0.070  (>=5 total 252, /p=0.419)
 607: 5: 48 6: 96 7: 46 8: 56   8/p=0.092  (>=5 total 246, /p=0.405)
 613: 5: 46 6: 98 7: 46 8: 66   8/p=0.108  (>=5 total 256, /p=0.418)
 617: 5: 62 6: 96 7: 60 8: 54   8/p=0.088  (>=5 total 272, /p=0.441)
 619: 5: 60 6:104 7: 60 8: 42   8/p=0.068  (>=5 total 266, /p=0.430)
 631: 5: 60 6:104 7: 58 8: 46   8/p=0.073  (>=5 total 268, /p=0.425)
 641: 5: 42 6:108 7: 40 8: 52   8/p=0.081  (>=5 total 242, /p=0.378)
 643: 5: 54 6:104 7: 54 8: 54   8/p=0.084  (>=5 total 266, /p=0.414)
 647: 5: 62 6:104 7: 60 8: 48   8/p=0.074  (>=5 total 274, /p=0.423)
 653: 5: 36 6:130 7: 36 8: 68   8/p=0.104  (>=5 total 270, /p=0.413)
 659: 5: 50 6:112 7: 50 8: 58   8/p=0.088  (>=5 total 270, /p=0.410)
 661: 5: 56 6:122 7: 56 8: 60   8/p=0.091  (>=5 total 294, /p=0.445)
 673: 5: 64 6:102 7: 60 8: 66   8/p=0.098  (>=5 total 292, /p=0.434)
 677: 5: 58 6:102 7: 58 8: 60   8/p=0.089  (>=5 total 278, /p=0.411)
 683: 5: 60 6: 96 7: 60 8: 62   8/p=0.091  (>=5 total 278, /p=0.407)
 691: 5: 58 6:128 7: 58 8: 50   8/p=0.072  (>=5 total 294, /p=0.425)
 701: 5: 68 6:106 7: 68 8: 56   8/p=0.080  (>=5 total 298, /p=0.425)
 709: 5: 60 6:106 7: 60 8: 56   8/p=0.079  (>=5 total 282, /p=0.398)
 719: 5: 64 6:136 7: 62 8: 48   8/p=0.067  (>=5 total 310, /p=0.431)
 727: 5: 68 6:104 7: 66 8: 62   8/p=0.085  (>=5 total 300, /p=0.413)
 733: 5: 62 6:106 7: 62 8: 54   8/p=0.074  (>=5 total 284, /p=0.387)
 739: 5: 62 6:116 7: 62 8: 64   8/p=0.087  (>=5 total 304, /p=0.411)
 743: 5: 62 6:120 7: 60 8: 64   8/p=0.086  (>=5 total 306, /p=0.412)
 751: 5: 64 6:120 7: 62 8: 64   8/p=0.085  (>=5 total 310, /p=0.413)
 757: 5: 56 6:122 7: 56 8: 76   8/p=0.100  (>=5 total 310, /p=0.410)
 761: 5: 68 6:146 7: 64 8: 60   8/p=0.079  (>=5 total 338, /p=0.444)
 769: 5: 64 6:130 7: 60 8: 52   8/p=0.068  (>=5 total 306, /p=0.398)
 773: 5: 64 6:150 7: 64 8: 62   8/p=0.080  (>=5 total 340, /p=0.440)
 787: 5: 60 6:136 7: 60 8: 68   8/p=0.086  (>=5 total 324, /p=0.412)
 797: 5: 66 6:102 7: 66 8: 76   8/p=0.095  (>=5 total 310, /p=0.389)
 809: 5: 58 6:138 7: 54 8: 74   8/p=0.091  (>=5 total 324, /p=0.400)
 811: 5: 62 6:152 7: 62 8: 64   8/p=0.079  (>=5 total 340, /p=0.419)
 821: 5: 68 6:142 7: 68 8: 78   8/p=0.095  (>=5 total 356, /p=0.434)
 823: 5: 74 6:144 7: 72 8: 60   8/p=0.073  (>=5 total 350, /p=0.425)
 827: 5: 66 6:124 7: 66 8: 78   8/p=0.094  (>=5 total 334, /p=0.404)
 829: 5: 50 6:162 7: 50 8: 62   8/p=0.075  (>=5 total 324, /p=0.391)
 839: 5: 68 6:128 7: 66 8: 78   8/p=0.093  (>=5 total 340, /p=0.405)
 853: 5: 50 6:138 7: 50 8: 82   8/p=0.096  (>=5 total 320, /p=0.375)
 857: 5: 70 6:132 7: 68 8: 64   8/p=0.075  (>=5 total 334, /p=0.390)
 859: 5: 66 6:132 7: 66 8: 82   8/p=0.095  (>=5 total 346, /p=0.403)
 863: 5: 78 6:124 7: 76 8: 76   8/p=0.088  (>=5 total 354, /p=0.410)
 877: 5: 82 6:154 7: 82 8: 74   8/p=0.084  (>=5 total 392, /p=0.447)
 881: 5: 82 6:128 7: 80 8: 62   8/p=0.070  (>=5 total 352, /p=0.400)
 883: 5: 74 6:136 7: 74 8: 78   8/p=0.088  (>=5 total 362, /p=0.410)
 887: 5: 80 6:140 7: 78 8: 72   8/p=0.081  (>=5 total 370, /p=0.417)
 907: 5: 80 6:148 7: 80 8: 72   8/p=0.079  (>=5 total 380, /p=0.419)
 911: 5: 64 6:168 7: 62 8: 80   8/p=0.088  (>=5 total 374, /p=0.411)
 919: 5: 80 6:136 7: 78 8: 82   8/p=0.089  (>=5 total 376, /p=0.409)
 929: 5: 66 6:178 7: 62 8: 90   8/p=0.097  (>=5 total 396, /p=0.426)
 937: 5: 90 6:148 7: 88 8: 80   8/p=0.085  (>=5 total 406, /p=0.433)
 941: 5: 88 6:162 7: 88 8: 80   8/p=0.085  (>=5 total 418, /p=0.444)
 947: 5:102 6:120 7:102 8: 74   8/p=0.078  (>=5 total 398, /p=0.420)
 953: 5: 80 6:154 7: 76 8: 76   8/p=0.080  (>=5 total 386, /p=0.405)
 967: 5: 72 6:156 7: 70 8: 92   8/p=0.095  (>=5 total 390, /p=0.403)
 971: 5: 92 6:156 7: 92 8: 72   8/p=0.074  (>=5 total 412, /p=0.424)
 977: 5: 74 6:196 7: 72 8: 88   8/p=0.090  (>=5 total 430, /p=0.440)
 983: 5: 96 6:140 7: 94 8: 80   8/p=0.081  (>=5 total 410, /p=0.417)
 991: 5: 80 6:164 7: 78 8: 86   8/p=0.087  (>=5 total 408, /p=0.412)
 997: 5: 92 6:150 7: 92 8: 66   8/p=0.066  (>=5 total 400, /p=0.401)
1009: 5: 86 6:170 7: 82 8: 90   8/p=0.089  (>=5 total 428, /p=0.424)
1013: 5: 80 6:150 7: 80 8: 86   8/p=0.085  (>=5 total 396, /p=0.391)
1019: 5: 84 6:180 7: 84 8: 80   8/p=0.079  (>=5 total 428, /p=0.420)
1021: 5: 84 6:154 7: 84 8: 88   8/p=0.086  (>=5 total 410, /p=0.402)
1031: 5: 84 6:176 7: 82 8: 86   8/p=0.083  (>=5 total 428, /p=0.415)
1033: 5: 92 6:130 7: 88 8:104   8/p=0.101  (>=5 total 414, /p=0.401)
1039: 5: 94 6:172 7: 92 8: 80   8/p=0.077  (>=5 total 438, /p=0.422)
1049: 5: 92 6:178 7: 88 8: 80   8/p=0.076  (>=5 total 438, /p=0.418)
1051: 5: 90 6:188 7: 90 8: 78   8/p=0.074  (>=5 total 446, /p=0.424)
1061: 5: 82 6:158 7: 82 8: 88   8/p=0.083  (>=5 total 410, /p=0.386)
1063: 5: 94 6:168 7: 92 8: 88   8/p=0.083  (>=5 total 442, /p=0.416)
1069: 5: 80 6:194 7: 80 8: 96   8/p=0.090  (>=5 total 450, /p=0.421)
1087: 5: 96 6:168 7: 94 8: 92   8/p=0.085  (>=5 total 450, /p=0.414)
1091: 5:102 6:176 7:102 8: 82   8/p=0.075  (>=5 total 462, /p=0.423)
1093: 5: 92 6:174 7: 92 8:110   8/p=0.101  (>=5 total 468, /p=0.428)
1097: 5:112 6:132 7:110 8: 82   8/p=0.075  (>=5 total 436, /p=0.397)
1103: 5: 98 6:184 7: 96 8: 86   8/p=0.078  (>=5 total 464, /p=0.421)
1109: 5: 92 6:198 7: 92 8: 98   8/p=0.088  (>=5 total 480, /p=0.433)
1117: 5: 96 6:178 7: 96 8:104   8/p=0.093  (>=5 total 474, /p=0.424)
1123: 5: 98 6:192 7: 98 8: 86   8/p=0.077  (>=5 total 474, /p=0.422)
1129: 5: 94 6:216 7: 92 8: 94   8/p=0.083  (>=5 total 496, /p=0.439)
1151: 5:112 6:184 7:110 8: 84   8/p=0.073  (>=5 total 490, /p=0.426)
1153: 5: 84 6:184 7: 82 8: 96   8/p=0.083  (>=5 total 446, /p=0.387)
1163: 5:124 6:160 7:124 8: 86   8/p=0.074  (>=5 total 494, /p=0.425)
1171: 5: 94 6:212 7: 94 8: 92   8/p=0.079  (>=5 total 492, /p=0.420)
1181: 5: 82 6:218 7: 82 8:106   8/p=0.090  (>=5 total 488, /p=0.413)
1187: 5:100 6:220 7:100 8: 86   8/p=0.072  (>=5 total 506, /p=0.426)
1193: 5: 88 6:188 7: 86 8:110   8/p=0.092  (>=5 total 472, /p=0.396)
1201: 5: 82 6:210 7: 78 8:102   8/p=0.085  (>=5 total 472, /p=0.393)
1213: 5: 94 6:206 7: 94 8: 92   8/p=0.076  (>=5 total 486, /p=0.401)
1217: 5:114 6:182 7:110 8:116   8/p=0.095  (>=5 total 522, /p=0.429)
1223: 5:116 6:192 7:114 8: 94   8/p=0.077  (>=5 total 516, /p=0.422)
1229: 5: 88 6:190 7: 88 8:106   8/p=0.086  (>=5 total 472, /p=0.384)
1231: 5: 92 6:216 7: 90 8:108   8/p=0.088  (>=5 total 506, /p=0.411)
1237: 5: 94 6:214 7: 94 8:112   8/p=0.091  (>=5 total 514, /p=0.416)
1249: 5: 98 6:226 7: 94 8:110   8/p=0.088  (>=5 total 528, /p=0.423)
1259: 5: 86 6:236 7: 86 8:110   8/p=0.087  (>=5 total 518, /p=0.411)
1277: 5:108 6:202 7:108 8:104   8/p=0.081  (>=5 total 522, /p=0.409)
1279: 5: 96 6:252 7: 94 8: 98   8/p=0.077  (>=5 total 540, /p=0.422)
1283: 5:102 6:228 7:102 8:104   8/p=0.081  (>=5 total 536, /p=0.418)
1289: 5:118 6:218 7:114 8:114   8/p=0.088  (>=5 total 564, /p=0.438)
1291: 5: 88 6:244 7: 88 8:112   8/p=0.087  (>=5 total 532, /p=0.412)
1297: 5:100 6:246 7: 96 8:102   8/p=0.079  (>=5 total 544, /p=0.419)
1301: 5: 98 6:254 7: 98 8:112   8/p=0.086  (>=5 total 562, /p=0.432)
1303: 5:104 6:224 7:102 8:110   8/p=0.084  (>=5 total 540, /p=0.414)
1307: 5:124 6:196 7:124 8:104   8/p=0.080  (>=5 total 548, /p=0.419)
1319: 5:114 6:224 7:112 8:104   8/p=0.079  (>=5 total 554, /p=0.420)
1321: 5:118 6:228 7:116 8: 96   8/p=0.073  (>=5 total 558, /p=0.422)
1327: 5:118 6:212 7:116 8:108   8/p=0.081  (>=5 total 554, /p=0.417)
1361: 5:122 6:242 7:118 8:114   8/p=0.084  (>=5 total 596, /p=0.438)
1367: 5:118 6:220 7:116 8:114   8/p=0.083  (>=5 total 568, /p=0.416)
1373: 5:114 6:238 7:114 8:128   8/p=0.093  (>=5 total 594, /p=0.433)
1381: 5:102 6:234 7:102 8:118   8/p=0.085  (>=5 total 556, /p=0.403)
1399: 5:112 6:236 7:110 8:120   8/p=0.086  (>=5 total 578, /p=0.413)
1409: 5:120 6:252 7:118 8: 94   8/p=0.067  (>=5 total 584, /p=0.414)
1423: 5:112 6:244 7:110 8:122   8/p=0.086  (>=5 total 588, /p=0.413)
1427: 5:106 6:248 7:106 8:126   8/p=0.088  (>=5 total 586, /p=0.411)
1429: 5:100 6:254 7:100 8:118   8/p=0.083  (>=5 total 572, /p=0.400)
1433: 5:124 6:232 7:122 8:100   8/p=0.070  (>=5 total 578, /p=0.403)
1439: 5:122 6:240 7:120 8:118   8/p=0.082  (>=5 total 600, /p=0.417)
1447: 5:126 6:276 7:124 8: 98   8/p=0.068  (>=5 total 624, /p=0.431)
1451: 5:130 6:212 7:130 8:126   8/p=0.087  (>=5 total 598, /p=0.412)
1453: 5:124 6:222 7:124 8:126   8/p=0.087  (>=5 total 596, /p=0.410)
1459: 5:118 6:260 7:118 8:116   8/p=0.080  (>=5 total 612, /p=0.419)
1471: 5:112 6:240 7:110 8:136   8/p=0.092  (>=5 total 598, /p=0.407)
1481: 5:124 6:278 7:120 8:126   8/p=0.085  (>=5 total 648, /p=0.438)
1483: 5:116 6:260 7:116 8:124   8/p=0.084  (>=5 total 616, /p=0.415)
1487: 5:106 6:284 7:104 8:124   8/p=0.083  (>=5 total 618, /p=0.416)
1489: 5:118 6:262 7:114 8:108   8/p=0.073  (>=5 total 602, /p=0.404)
1493: 5:128 6:242 7:128 8:120   8/p=0.080  (>=5 total 618, /p=0.414)
1499: 5:118 6:268 7:118 8:122   8/p=0.081  (>=5 total 626, /p=0.418)
JOB COMPLETE km1_lines
