JOB cubic_lines_3203_0_0 : Exact family counts and matching diagnostic for the displayed strong-form table case. Both (1,3) and its reversed family are present in the script; gamma2.py reads only rec13.
SOURCE slack/cube_matching_fast.py ARGS ['3203', '3', '0', '0']
p=3203 box=(0,0) J0=3: uncovered=5594 (0.437), W4 cost=8828 = 1.3781 N; 4/3 needs matching >= 0.0895 p
  per family (i,j): lines/p, good/p, good fraction
    (1,2): 0.0000p 0.0000p 0.0000
    (1,3): 1.7296p 0.1318p 0.0762
  span  2: lines=  3919 (1.224p) good=    0 (0.000)
  span  3: lines=  3278 (1.023p) good=  268 (0.082)
  span  4: lines=   978 (0.305p) good=    0 (0.000)
  span  6: lines=  1337 (0.417p) good=   76 (0.057)
  span  8: lines=   222 (0.069p) good=    0 (0.000)
  span  9: lines=   348 (0.109p) good=   20 (0.057)
  span 10: lines=   145 (0.045p) good=    0 (0.000)
  span 12: lines=   350 (0.109p) good=   10 (0.029)
  span 14: lines=    79 (0.025p) good=    0 (0.000)
  span 15: lines=   128 (0.040p) good=    8 (0.062)
  span 16: lines=    73 (0.023p) good=    0 (0.000)
  span 18: lines=   116 (0.036p) good=    2 (0.017)
  span 20: lines=    42 (0.013p) good=    0 (0.000)
  span 21: lines=   104 (0.032p) good=    2 (0.019)
  span 22: lines=    34 (0.011p) good=    0 (0.000)
  span 24: lines=    80 (0.025p) good=    4 (0.050)
  span 26: lines=    28 (0.009p) good=    0 (0.000)
  span 27: lines=    32 (0.010p) good=    0 (0.000)
  span 28: lines=    16 (0.005p) good=    0 (0.000)
  span 30: lines=    60 (0.019p) good=    6 (0.100)
  span 32: lines=    21 (0.007p) good=    0 (0.000)
  span 33: lines=    32 (0.010p) good=    4 (0.125)
  span 34: lines=     9 (0.003p) good=    0 (0.000)
  span 36: lines=    32 (0.010p) good=    2 (0.062)
  span 38: lines=    12 (0.004p) good=    0 (0.000)
  span 39: lines=    22 (0.007p) good=    2 (0.091)
  span 40: lines=     7 (0.002p) good=    0 (0.000)
  span 42: lines=    33 (0.010p) good=    0 (0.000)
  span 44: lines=     4 (0.001p) good=    0 (0.000)
  span 45: lines=    12 (0.004p) good=    4 (0.333)
  span 46: lines=     7 (0.002p) good=    0 (0.000)
  span 48: lines=    24 (0.007p) good=    0 (0.000)
  span 50: lines=     9 (0.003p) good=    0 (0.000)
  span 51: lines=    26 (0.008p) good=    0 (0.000)
  span 52: lines=     4 (0.001p) good=    0 (0.000)
  span 54: lines=     4 (0.001p) good=    0 (0.000)
  span 56: lines=     5 (0.002p) good=    0 (0.000)
  span 57: lines=     8 (0.002p) good=    0 (0.000)
  span 58: lines=     3 (0.001p) good=    0 (0.000)
  span 60: lines=    28 (0.009p) good=    0 (0.000)
  span 62: lines=     1 (0.000p) good=    0 (0.000)
  span 64: lines=     4 (0.001p) good=    0 (0.000)
  span 66: lines=     3 (0.001p) good=    0 (0.000)
  span 68: lines=     2 (0.001p) good=    0 (0.000)
  span 69: lines=     4 (0.001p) good=    0 (0.000)
  span 70: lines=     3 (0.001p) good=    0 (0.000)
  span 72: lines=     6 (0.002p) good=    0 (0.000)
  span 74: lines=     3 (0.001p) good=    0 (0.000)
  span 78: lines=    13 (0.004p) good=    2 (0.154)
  span 80: lines=     1 (0.000p) good=    0 (0.000)
  span 82: lines=     3 (0.001p) good=    0 (0.000)
  span 84: lines=     2 (0.001p) good=    0 (0.000)
  span 86: lines=     1 (0.000p) good=    0 (0.000)
  span 88: lines=     2 (0.001p) good=    0 (0.000)
  span 90: lines=     8 (0.002p) good=    0 (0.000)
  span 93: lines=     4 (0.001p) good=    2 (0.500)
  span 94: lines=     1 (0.000p) good=    0 (0.000)
  span 96: lines=     6 (0.002p) good=    0 (0.000)
  span 98: lines=     1 (0.000p) good=    0 (0.000)
  span 99: lines=     2 (0.001p) good=    0 (0.000)
  span 100: lines=     2 (0.001p) good=    0 (0.000)
  span 102: lines=     4 (0.001p) good=    0 (0.000)
  span 105: lines=     6 (0.002p) good=    0 (0.000)
  span 106: lines=     2 (0.001p) good=    0 (0.000)
  span 108: lines=     7 (0.002p) good=    0 (0.000)
  span 110: lines=     1 (0.000p) good=    0 (0.000)
  span 114: lines=     1 (0.000p) good=    0 (0.000)
  span 116: lines=     2 (0.001p) good=    0 (0.000)
  span 120: lines=    15 (0.005p) good=    0 (0.000)
  span 124: lines=     1 (0.000p) good=    0 (0.000)
  span 126: lines=     4 (0.001p) good=    2 (0.500)
  span 130: lines=     1 (0.000p) good=    0 (0.000)
  span 132: lines=     2 (0.001p) good=    0 (0.000)
  span 136: lines=     1 (0.000p) good=    0 (0.000)
  span 138: lines=     8 (0.002p) good=    0 (0.000)
  span 140: lines=     5 (0.002p) good=    0 (0.000)
  span 144: lines=     6 (0.002p) good=    0 (0.000)
  span 146: lines=     2 (0.001p) good=    0 (0.000)
  span 150: lines=    14 (0.004p) good=    0 (0.000)
  span 156: lines=     4 (0.001p) good=    0 (0.000)
  span 158: lines=     1 (0.000p) good=    0 (0.000)
  span 160: lines=     1 (0.000p) good=    0 (0.000)
  span 162: lines=     2 (0.001p) good=    0 (0.000)
  span 165: lines=     8 (0.002p) good=    0 (0.000)
  span 174: lines=     4 (0.001p) good=    0 (0.000)
  span 176: lines=     1 (0.000p) good=    0 (0.000)
  span 178: lines=     1 (0.000p) good=    0 (0.000)
  span 186: lines=     3 (0.001p) good=    0 (0.000)
  span 196: lines=     2 (0.001p) good=    0 (0.000)
  span 198: lines=     2 (0.001p) good=    0 (0.000)
  span 200: lines=     2 (0.001p) good=    0 (0.000)
  span 201: lines=     8 (0.002p) good=    2 (0.250)
  span 202: lines=     2 (0.001p) good=    0 (0.000)
  span 212: lines=     1 (0.000p) good=    0 (0.000)
  span 213: lines=     4 (0.001p) good=    0 (0.000)
  span 214: lines=     1 (0.000p) good=    0 (0.000)
  span 218: lines=     1 (0.000p) good=    0 (0.000)
  span 220: lines=     1 (0.000p) good=    0 (0.000)
  span 222: lines=     4 (0.001p) good=    0 (0.000)
  span 224: lines=     1 (0.000p) good=    0 (0.000)
  span 230: lines=     1 (0.000p) good=    0 (0.000)
  span 237: lines=     2 (0.001p) good=    0 (0.000)
  span 240: lines=     4 (0.001p) good=    2 (0.500)
  span 256: lines=     1 (0.000p) good=    0 (0.000)
  span 270: lines=     1 (0.000p) good=    0 (0.000)
  span 279: lines=     2 (0.001p) good=    0 (0.000)
  span 282: lines=     2 (0.001p) good=    0 (0.000)
  span 308: lines=     1 (0.000p) good=    0 (0.000)
  span 318: lines=     2 (0.001p) good=    0 (0.000)
  span 322: lines=     1 (0.000p) good=    0 (0.000)
  span 324: lines=     1 (0.000p) good=    0 (0.000)
  span 330: lines=     2 (0.001p) good=    0 (0.000)
  span 354: lines=     4 (0.001p) good=    4 (1.000)
  span 358: lines=     1 (0.000p) good=    0 (0.000)
  span 363: lines=     8 (0.002p) good=    0 (0.000)
  span 394: lines=     1 (0.000p) good=    0 (0.000)
  span 399: lines=     2 (0.001p) good=    0 (0.000)
  span 402: lines=     2 (0.001p) good=    0 (0.000)
  span 406: lines=     1 (0.000p) good=    0 (0.000)
  span 422: lines=     1 (0.000p) good=    0 (0.000)
  span 492: lines=     1 (0.000p) good=    0 (0.000)
  span 498: lines=     2 (0.001p) good=    0 (0.000)
  span 510: lines=     1 (0.000p) good=    0 (0.000)
  span 514: lines=     1 (0.000p) good=    0 (0.000)
  span 536: lines=     1 (0.000p) good=    0 (0.000)
  span 620: lines=     1 (0.000p) good=    0 (0.000)
  span 622: lines=     1 (0.000p) good=    0 (0.000)
  span 654: lines=     1 (0.000p) good=    0 (0.000)
  span 660: lines=     1 (0.000p) good=    0 (0.000)
  span 694: lines=     1 (0.000p) good=    0 (0.000)
  span 776: lines=     1 (0.000p) good=    0 (0.000)
  span 783: lines=     4 (0.001p) good=    0 (0.000)
  span 798: lines=     1 (0.000p) good=    0 (0.000)
  span 987: lines=     2 (0.001p) good=    0 (0.000)
  span 988: lines=     1 (0.000p) good=    0 (0.000)
  span 992: lines=     1 (0.000p) good=    0 (0.000)
  span 1596: lines=     1 (0.000p) good=    0 (0.000)
  span 3038: lines=     1 (0.000p) good=    0 (0.000)
  family j<=3: good=422 (0.1318p) pairs=68 (0.0212p) |good|-pairs=0.1105p  Caro-Wei=0.1122p  greedy=0.1136p -> cost(greedy)=1.3213 N
  family j<=4: good=422 (0.1318p) pairs=68 (0.0212p) |good|-pairs=0.1105p  Caro-Wei=0.1122p  greedy=0.1136p -> cost(greedy)=1.3213 N
  family j<=5: good=422 (0.1318p) pairs=68 (0.0212p) |good|-pairs=0.1105p  Caro-Wei=0.1122p  greedy=0.1136p -> cost(greedy)=1.3213 N
  family j<=6: good=422 (0.1318p) pairs=68 (0.0212p) |good|-pairs=0.1105p  Caro-Wei=0.1122p  greedy=0.1136p -> cost(greedy)=1.3213 N
  family j<=8: good=422 (0.1318p) pairs=68 (0.0212p) |good|-pairs=0.1105p  Caro-Wei=0.1122p  greedy=0.1136p -> cost(greedy)=1.3213 N
JOB COMPLETE cubic_lines_3203_0_0
