JOB cubic_lines_12809_-6404_0 : Exact family counts and matching diagnostic for the displayed strong-form table case. Both (1,3) and its reversed family are present in the script; gamma2.py reads only rec13.
SOURCE slack/cube_matching_fast.py ARGS ['12809', '3', '-6404', '0']
p=12809 box=(-6404,0) J0=3: uncovered=22380 (0.437), W4 cost=35220 = 1.3748 N; 4/3 needs matching >= 0.0830 p
  per family (i,j): lines/p, good/p, good fraction
    (1,2): 0.0000p 0.0000p 0.0000
    (1,3): 1.8005p 0.1365p 0.0758
  span  2: lines= 15566 (1.215p) good=    0 (0.000)
  span  3: lines= 14228 (1.111p) good= 1118 (0.079)
  span  4: lines=  3828 (0.299p) good=    0 (0.000)
  span  6: lines=  5046 (0.394p) good=  248 (0.049)
  span  8: lines=   958 (0.075p) good=    0 (0.000)
  span  9: lines=  1472 (0.115p) good=  136 (0.092)
  span 10: lines=   624 (0.049p) good=    0 (0.000)
  span 12: lines=  1390 (0.109p) good=   60 (0.043)
  span 14: lines=   310 (0.024p) good=    0 (0.000)
  span 15: lines=   564 (0.044p) good=   20 (0.035)
  span 16: lines=   254 (0.020p) good=    0 (0.000)
  span 18: lines=   598 (0.047p) good=   24 (0.040)
  span 20: lines=   168 (0.013p) good=    0 (0.000)
  span 21: lines=   326 (0.025p) good=   22 (0.067)
  span 22: lines=   128 (0.010p) good=    0 (0.000)
  span 24: lines=   362 (0.028p) good=   16 (0.044)
  span 26: lines=    90 (0.007p) good=    0 (0.000)
  span 27: lines=   144 (0.011p) good=    6 (0.042)
  span 28: lines=    64 (0.005p) good=    0 (0.000)
  span 30: lines=   198 (0.015p) good=   10 (0.051)
  span 32: lines=    52 (0.004p) good=    0 (0.000)
  span 33: lines=   124 (0.010p) good=    2 (0.016)
  span 34: lines=    66 (0.005p) good=    0 (0.000)
  span 36: lines=   138 (0.011p) good=    6 (0.043)
  span 38: lines=    40 (0.003p) good=    0 (0.000)
  span 39: lines=    90 (0.007p) good=    8 (0.089)
  span 40: lines=    46 (0.004p) good=    0 (0.000)
  span 42: lines=    78 (0.006p) good=    2 (0.026)
  span 44: lines=    44 (0.003p) good=    0 (0.000)
  span 45: lines=    76 (0.006p) good=    4 (0.053)
  span 46: lines=    26 (0.002p) good=    0 (0.000)
  span 48: lines=   106 (0.008p) good=    4 (0.038)
  span 50: lines=    26 (0.002p) good=    0 (0.000)
  span 51: lines=    66 (0.005p) good=    2 (0.030)
  span 52: lines=    24 (0.002p) good=    0 (0.000)
  span 54: lines=    66 (0.005p) good=    2 (0.030)
  span 56: lines=    18 (0.001p) good=    0 (0.000)
  span 57: lines=    40 (0.003p) good=    2 (0.050)
  span 58: lines=    16 (0.001p) good=    0 (0.000)
  span 60: lines=    50 (0.004p) good=    6 (0.120)
  span 62: lines=    18 (0.001p) good=    0 (0.000)
  span 63: lines=    32 (0.002p) good=    2 (0.062)
  span 64: lines=    18 (0.001p) good=    0 (0.000)
  span 66: lines=    48 (0.004p) good=    0 (0.000)
  span 68: lines=    22 (0.002p) good=    0 (0.000)
  span 69: lines=    38 (0.003p) good=    0 (0.000)
  span 70: lines=    12 (0.001p) good=    0 (0.000)
  span 72: lines=    36 (0.003p) good=    4 (0.111)
  span 74: lines=    14 (0.001p) good=    0 (0.000)
  span 75: lines=    22 (0.002p) good=    2 (0.091)
  span 76: lines=     8 (0.001p) good=    0 (0.000)
  span 78: lines=    36 (0.003p) good=    0 (0.000)
  span 80: lines=    10 (0.001p) good=    0 (0.000)
  span 82: lines=     8 (0.001p) good=    0 (0.000)
  span 84: lines=    22 (0.002p) good=    0 (0.000)
  span 86: lines=    14 (0.001p) good=    0 (0.000)
  span 87: lines=     4 (0.000p) good=    0 (0.000)
  span 88: lines=     6 (0.000p) good=    0 (0.000)
  span 90: lines=    22 (0.002p) good=    2 (0.091)
  span 92: lines=     6 (0.000p) good=    0 (0.000)
  span 93: lines=    14 (0.001p) good=    2 (0.143)
  span 94: lines=     4 (0.000p) good=    0 (0.000)
  span 96: lines=     6 (0.000p) good=    0 (0.000)
  span 98: lines=     6 (0.000p) good=    0 (0.000)
  span 99: lines=    12 (0.001p) good=    0 (0.000)
  span 100: lines=     6 (0.000p) good=    0 (0.000)
  span 102: lines=    30 (0.002p) good=    0 (0.000)
  span 104: lines=     4 (0.000p) good=    0 (0.000)
  span 105: lines=    16 (0.001p) good=    2 (0.125)
  span 106: lines=    12 (0.001p) good=    0 (0.000)
  span 108: lines=    20 (0.002p) good=    2 (0.100)
  span 110: lines=    10 (0.001p) good=    0 (0.000)
  span 111: lines=     6 (0.000p) good=    0 (0.000)
  span 112: lines=     8 (0.001p) good=    0 (0.000)
  span 114: lines=    18 (0.001p) good=    4 (0.222)
  span 116: lines=     2 (0.000p) good=    0 (0.000)
  span 117: lines=     8 (0.001p) good=    2 (0.250)
  span 118: lines=    10 (0.001p) good=    0 (0.000)
  span 120: lines=    10 (0.001p) good=    0 (0.000)
  span 122: lines=     2 (0.000p) good=    0 (0.000)
  span 123: lines=     6 (0.000p) good=    0 (0.000)
  span 124: lines=     2 (0.000p) good=    0 (0.000)
  span 126: lines=     6 (0.000p) good=    2 (0.333)
  span 128: lines=     2 (0.000p) good=    0 (0.000)
  span 130: lines=     2 (0.000p) good=    0 (0.000)
  span 132: lines=    10 (0.001p) good=    0 (0.000)
  span 134: lines=     6 (0.000p) good=    0 (0.000)
  span 136: lines=     4 (0.000p) good=    0 (0.000)
  span 138: lines=    16 (0.001p) good=    0 (0.000)
  span 140: lines=     4 (0.000p) good=    0 (0.000)
  span 141: lines=     2 (0.000p) good=    0 (0.000)
  span 142: lines=     6 (0.000p) good=    0 (0.000)
  span 144: lines=     8 (0.001p) good=    0 (0.000)
  span 146: lines=     4 (0.000p) good=    0 (0.000)
  span 148: lines=     4 (0.000p) good=    0 (0.000)
  span 150: lines=    18 (0.001p) good=    0 (0.000)
  span 154: lines=     6 (0.000p) good=    0 (0.000)
  span 156: lines=     8 (0.001p) good=    0 (0.000)
  span 159: lines=     2 (0.000p) good=    0 (0.000)
  span 160: lines=     4 (0.000p) good=    0 (0.000)
  span 162: lines=    10 (0.001p) good=    0 (0.000)
  span 164: lines=     4 (0.000p) good=    0 (0.000)
  span 166: lines=     2 (0.000p) good=    0 (0.000)
  span 168: lines=     2 (0.000p) good=    0 (0.000)
  span 170: lines=     4 (0.000p) good=    0 (0.000)
  span 172: lines=     2 (0.000p) good=    0 (0.000)
  span 174: lines=    12 (0.001p) good=    8 (0.667)
  span 176: lines=     4 (0.000p) good=    0 (0.000)
  span 177: lines=    10 (0.001p) good=    2 (0.200)
  span 178: lines=     6 (0.000p) good=    0 (0.000)
  span 180: lines=     2 (0.000p) good=    0 (0.000)
  span 182: lines=     4 (0.000p) good=    0 (0.000)
  span 183: lines=     4 (0.000p) good=    0 (0.000)
  span 184: lines=     2 (0.000p) good=    0 (0.000)
  span 186: lines=     6 (0.000p) good=    0 (0.000)
  span 188: lines=     4 (0.000p) good=    0 (0.000)
  span 189: lines=     4 (0.000p) good=    0 (0.000)
  span 190: lines=     2 (0.000p) good=    0 (0.000)
  span 192: lines=     4 (0.000p) good=    0 (0.000)
  span 202: lines=     2 (0.000p) good=    0 (0.000)
  span 204: lines=     4 (0.000p) good=    0 (0.000)
  span 206: lines=     2 (0.000p) good=    0 (0.000)
  span 207: lines=     2 (0.000p) good=    0 (0.000)
  span 210: lines=     2 (0.000p) good=    0 (0.000)
  span 212: lines=     2 (0.000p) good=    0 (0.000)
  span 218: lines=     2 (0.000p) good=    0 (0.000)
  span 222: lines=     2 (0.000p) good=    0 (0.000)
  span 226: lines=     4 (0.000p) good=    0 (0.000)
  span 228: lines=    12 (0.001p) good=    0 (0.000)
  span 231: lines=     6 (0.000p) good=    0 (0.000)
  span 232: lines=     2 (0.000p) good=    0 (0.000)
  span 234: lines=    12 (0.001p) good=    2 (0.167)
  span 240: lines=     6 (0.000p) good=    2 (0.333)
  span 242: lines=     2 (0.000p) good=    0 (0.000)
  span 244: lines=     4 (0.000p) good=    0 (0.000)
  span 246: lines=     2 (0.000p) good=    0 (0.000)
  span 248: lines=     2 (0.000p) good=    0 (0.000)
  span 249: lines=     2 (0.000p) good=    0 (0.000)
  span 250: lines=     2 (0.000p) good=    0 (0.000)
  span 252: lines=     2 (0.000p) good=    0 (0.000)
  span 254: lines=     2 (0.000p) good=    0 (0.000)
  span 255: lines=     4 (0.000p) good=    0 (0.000)
  span 264: lines=     8 (0.001p) good=    0 (0.000)
  span 266: lines=     2 (0.000p) good=    0 (0.000)
  span 267: lines=     4 (0.000p) good=    0 (0.000)
  span 273: lines=     4 (0.000p) good=    0 (0.000)
  span 274: lines=     2 (0.000p) good=    0 (0.000)
  span 276: lines=     8 (0.001p) good=    0 (0.000)
  span 278: lines=     2 (0.000p) good=    0 (0.000)
  span 282: lines=     2 (0.000p) good=    0 (0.000)
  span 285: lines=     4 (0.000p) good=    0 (0.000)
  span 296: lines=     2 (0.000p) good=    0 (0.000)
  span 298: lines=     2 (0.000p) good=    0 (0.000)
  span 300: lines=     4 (0.000p) good=    0 (0.000)
  span 303: lines=    10 (0.001p) good=    0 (0.000)
  span 304: lines=     4 (0.000p) good=    0 (0.000)
  span 309: lines=     2 (0.000p) good=    0 (0.000)
  span 310: lines=     2 (0.000p) good=    0 (0.000)
  span 312: lines=     2 (0.000p) good=    0 (0.000)
  span 320: lines=     2 (0.000p) good=    0 (0.000)
  span 321: lines=     2 (0.000p) good=    2 (1.000)
  span 324: lines=    12 (0.001p) good=    0 (0.000)
  span 326: lines=     4 (0.000p) good=    0 (0.000)
  span 330: lines=     2 (0.000p) good=    0 (0.000)
  span 336: lines=     6 (0.000p) good=    0 (0.000)
  span 340: lines=     2 (0.000p) good=    0 (0.000)
  span 352: lines=     2 (0.000p) good=    0 (0.000)
  span 358: lines=     2 (0.000p) good=    0 (0.000)
  span 363: lines=     8 (0.001p) good=    0 (0.000)
  span 364: lines=     2 (0.000p) good=    0 (0.000)
  span 366: lines=     2 (0.000p) good=    0 (0.000)
  span 370: lines=     2 (0.000p) good=    0 (0.000)
  span 378: lines=     2 (0.000p) good=    0 (0.000)
  span 386: lines=     2 (0.000p) good=    0 (0.000)
  span 392: lines=     2 (0.000p) good=    0 (0.000)
  span 394: lines=     2 (0.000p) good=    0 (0.000)
  span 396: lines=     2 (0.000p) good=    0 (0.000)
  span 404: lines=     2 (0.000p) good=    0 (0.000)
  span 408: lines=     4 (0.000p) good=    0 (0.000)
  span 410: lines=     2 (0.000p) good=    0 (0.000)
  span 416: lines=     2 (0.000p) good=    0 (0.000)
  span 432: lines=     4 (0.000p) good=    2 (0.500)
  span 448: lines=     2 (0.000p) good=    0 (0.000)
  span 454: lines=     2 (0.000p) good=    0 (0.000)
  span 466: lines=     2 (0.000p) good=    0 (0.000)
  span 474: lines=     4 (0.000p) good=    0 (0.000)
  span 488: lines=     2 (0.000p) good=    0 (0.000)
  span 489: lines=     2 (0.000p) good=    0 (0.000)
  span 500: lines=     2 (0.000p) good=    0 (0.000)
  span 504: lines=     2 (0.000p) good=    0 (0.000)
  span 506: lines=     2 (0.000p) good=    0 (0.000)
  span 534: lines=     2 (0.000p) good=    0 (0.000)
  span 540: lines=     4 (0.000p) good=    2 (0.500)
  span 546: lines=     4 (0.000p) good=    0 (0.000)
  span 554: lines=     2 (0.000p) good=    0 (0.000)
  span 568: lines=     2 (0.000p) good=    0 (0.000)
  span 573: lines=     2 (0.000p) good=    0 (0.000)
  span 579: lines=     2 (0.000p) good=    0 (0.000)
  span 588: lines=     6 (0.000p) good=    0 (0.000)
  span 596: lines=     2 (0.000p) good=    0 (0.000)
  span 606: lines=     2 (0.000p) good=    0 (0.000)
  span 612: lines=     2 (0.000p) good=    0 (0.000)
  span 614: lines=     2 (0.000p) good=    0 (0.000)
  span 668: lines=     2 (0.000p) good=    0 (0.000)
  span 726: lines=     4 (0.000p) good=    0 (0.000)
  span 826: lines=     2 (0.000p) good=    0 (0.000)
  span 861: lines=     8 (0.001p) good=    4 (0.500)
  span 864: lines=     8 (0.001p) good=    0 (0.000)
  span 936: lines=    10 (0.001p) good=    0 (0.000)
  span 1020: lines=     2 (0.000p) good=    0 (0.000)
  span 1041: lines=     4 (0.000p) good=    0 (0.000)
  span 1074: lines=     2 (0.000p) good=    0 (0.000)
  span 1197: lines=     8 (0.001p) good=    2 (0.250)
  span 1202: lines=     2 (0.000p) good=    0 (0.000)
  span 1332: lines=     2 (0.000p) good=    0 (0.000)
  span 1492: lines=     2 (0.000p) good=    0 (0.000)
  span 1520: lines=     2 (0.000p) good=    0 (0.000)
  span 1592: lines=     2 (0.000p) good=    0 (0.000)
  span 1690: lines=     2 (0.000p) good=    0 (0.000)
  span 1722: lines=     2 (0.000p) good=    0 (0.000)
  span 1974: lines=     2 (0.000p) good=    0 (0.000)
  span 1995: lines=     4 (0.000p) good=    0 (0.000)
  span 2658: lines=     2 (0.000p) good=    0 (0.000)
  span 3174: lines=     2 (0.000p) good=    0 (0.000)
  span 3202: lines=     2 (0.000p) good=    0 (0.000)
  span 3584: lines=     2 (0.000p) good=    0 (0.000)
  span 4953: lines=     4 (0.000p) good=    0 (0.000)
  span 6888: lines=     2 (0.000p) good=    0 (0.000)
  span 8646: lines=     2 (0.000p) good=    0 (0.000)
  family j<=3: good=1748 (0.1365p) pairs=404 (0.0315p) |good|-pairs=0.1049p  Caro-Wei=0.1089p  greedy=0.1120p -> cost(greedy)=1.3188 N
  family j<=4: good=1748 (0.1365p) pairs=404 (0.0315p) |good|-pairs=0.1049p  Caro-Wei=0.1089p  greedy=0.1120p -> cost(greedy)=1.3188 N
  family j<=5: good=1748 (0.1365p) pairs=404 (0.0315p) |good|-pairs=0.1049p  Caro-Wei=0.1089p  greedy=0.1120p -> cost(greedy)=1.3188 N
  family j<=6: good=1748 (0.1365p) pairs=404 (0.0315p) |good|-pairs=0.1049p  Caro-Wei=0.1089p  greedy=0.1120p -> cost(greedy)=1.3188 N
  family j<=8: good=1748 (0.1365p) pairs=404 (0.0315p) |good|-pairs=0.1049p  Caro-Wei=0.1089p  greedy=0.1120p -> cost(greedy)=1.3188 N
JOB COMPLETE cubic_lines_12809_-6404_0
