JOB independent_core : R1 independent incidence checks: 446 cases and the full p=11 box table; no author imports.
SOURCE independent/check.py ARGS []
{
  "cases": 446,
  "table_cases": 121,
  "unique_gadgets": 20,
  "all_passed": true,
  "fe_countercheck": [
    {
      "p": 101,
      "points_y2_equals_4_minus_3u2": 102,
      "claimed_main": 202,
      "correct_main": 101
    },
    {
      "p": 1009,
      "points_y2_equals_4_minus_3u2": 1008,
      "claimed_main": 2018,
      "correct_main": 1009
    }
  ]
}
JOB COMPLETE independent_core
