JOB seven_cover : Full source finite seven-orbit cover validation through p=500.
SOURCE slack/t221_agents/orbit_cover.py ARGS ['11', '500']
# primes in [11,500]: 91
p=  11  n_pts=   80  m8=  2 m7=  0 m6groups=  0  orbits=  0 LP=28:  0 exc= 0  (0.00s)
p=  13  n_pts=   96  m8=  0 m7=  0 m6groups=  1  orbits=  0 LP=28:  0 exc= 0  (0.00s)
p=  17  n_pts=  128  m8=  0 m7=  0 m6groups=  1  orbits=  0 LP=28:  0 exc= 0  (0.00s)
p=  19  n_pts=  144  m8=  2 m7=  0 m6groups=  2  orbits=  0 LP=28:  0 exc= 0  (0.00s)
p=  23  n_pts=  176  m8=  2 m7=  2 m6groups=  0  orbits=  1 LP=28:  1 exc= 0  (0.00s)
p=  29  n_pts=  224  m8=  4 m7=  2 m6groups=  3  orbits=  1 LP=28:  1 exc= 0  (0.00s)
p=  31  n_pts=  240  m8=  2 m7=  2 m6groups=  2  orbits=  1 LP=28:  1 exc= 0  (0.00s)
p=  37  n_pts=  288  m8=  4 m7=  2 m6groups=  3  orbits=  1 LP=28:  1 exc= 0  (0.00s)
p=  41  n_pts=  320  m8=  2 m7=  0 m6groups=  3  orbits=  0 LP=28:  0 exc= 0  (0.00s)
p=  43  n_pts=  336  m8=  6 m7=  4 m6groups=  0  orbits=  2 LP=28:  2 exc= 0  (0.01s)
p=  47  n_pts=  368  m8=  6 m7=  2 m6groups=  2  orbits=  1 LP=28:  1 exc= 0  (0.00s)
p=  53  n_pts=  416  m8=  4 m7=  2 m6groups=  3  orbits=  1 LP=28:  1 exc= 0  (0.00s)
p=  59  n_pts=  464  m8=  4 m7=  4 m6groups=  6  orbits=  2 LP=28:  2 exc= 0  (0.01s)
p=  61  n_pts=  480  m8=  2 m7=  8 m6groups=  7  orbits=  4 LP=28:  4 exc= 0  (0.01s)
p=  67  n_pts=  528  m8=  6 m7=  6 m6groups=  4  orbits=  3 LP=28:  3 exc= 0  (0.01s)
p=  71  n_pts=  560  m8=  8 m7=  4 m6groups=  4  orbits=  2 LP=28:  2 exc= 0  (0.01s)
p=  73  n_pts=  576  m8=  4 m7=  8 m6groups=  5  orbits=  4 LP=28:  4 exc= 0  (0.01s)
p=  79  n_pts=  624  m8=  8 m7=  2 m6groups=  8  orbits=  1 LP=28:  1 exc= 0  (0.01s)
p=  83  n_pts=  656  m8=  6 m7= 10 m6groups=  4  orbits=  5 LP=28:  5 exc= 0  (0.01s)
p=  89  n_pts=  704  m8= 10 m7=  2 m6groups=  5  orbits=  1 LP=28:  1 exc= 0  (0.01s)
p=  97  n_pts=  768  m8=  6 m7=  4 m6groups=  7  orbits=  2 LP=28:  2 exc= 0  (0.01s)
p= 101  n_pts=  800  m8=  8 m7=  8 m6groups=  9  orbits=  4 LP=28:  4 exc= 0  (0.01s)
p= 103  n_pts=  816  m8=  6 m7= 10 m6groups=  8  orbits=  5 LP=28:  5 exc= 0  (0.02s)
p= 107  n_pts=  848  m8= 10 m7= 14 m6groups=  2  orbits=  7 LP=28:  7 exc= 0  (0.02s)
p= 109  n_pts=  864  m8=  8 m7=  4 m6groups= 13  orbits=  2 LP=28:  2 exc= 0  (0.01s)
p= 113  n_pts=  896  m8=  8 m7= 10 m6groups= 11  orbits=  5 LP=28:  5 exc= 0  (0.02s)
p= 127  n_pts= 1008  m8=  8 m7= 16 m6groups=  6  orbits=  8 LP=28:  8 exc= 0  (0.02s)
p= 131  n_pts= 1040  m8= 10 m7=  8 m6groups= 14  orbits=  4 LP=28:  4 exc= 0  (0.02s)
p= 137  n_pts= 1088  m8= 12 m7= 12 m6groups= 13  orbits=  6 LP=28:  6 exc= 0  (0.02s)
p= 139  n_pts= 1104  m8= 10 m7= 10 m6groups= 14  orbits=  5 LP=28:  5 exc= 0  (0.02s)
p= 149  n_pts= 1184  m8= 12 m7=  6 m6groups= 15  orbits=  3 LP=28:  3 exc= 0  (0.02s)
p= 151  n_pts= 1200  m8= 16 m7= 10 m6groups= 10  orbits=  5 LP=28:  5 exc= 0  (0.02s)
p= 157  n_pts= 1248  m8= 12 m7=  6 m6groups= 15  orbits=  3 LP=28:  3 exc= 0  (0.02s)
p= 163  n_pts= 1296  m8= 14 m7= 10 m6groups= 16  orbits=  5 LP=28:  5 exc= 0  (0.02s)
p= 167  n_pts= 1328  m8= 16 m7= 12 m6groups= 12  orbits=  6 LP=28:  6 exc= 0  (0.03s)
p= 173  n_pts= 1376  m8= 14 m7= 20 m6groups= 15  orbits= 10 LP=28: 10 exc= 0  (0.04s)
p= 179  n_pts= 1424  m8= 12 m7= 12 m6groups= 20  orbits=  6 LP=28:  6 exc= 0  (0.03s)
p= 181  n_pts= 1440  m8= 12 m7= 16 m6groups= 21  orbits=  8 LP=28:  8 exc= 0  (0.04s)
p= 191  n_pts= 1520  m8= 20 m7=  8 m6groups= 18  orbits=  4 LP=28:  4 exc= 0  (0.03s)
p= 193  n_pts= 1536  m8= 16 m7= 12 m6groups= 21  orbits=  6 LP=28:  6 exc= 0  (0.04s)
p= 197  n_pts= 1568  m8= 18 m7= 12 m6groups= 19  orbits=  6 LP=28:  6 exc= 0  (0.04s)
p= 199  n_pts= 1584  m8= 16 m7= 10 m6groups= 22  orbits=  5 LP=28:  5 exc= 0  (0.03s)
p= 211  n_pts= 1680  m8= 14 m7= 20 m6groups= 18  orbits= 10 LP=28: 10 exc= 0  (0.05s)
p= 223  n_pts= 1776  m8= 24 m7= 10 m6groups= 20  orbits=  5 LP=28:  5 exc= 0  (0.03s)
p= 227  n_pts= 1808  m8= 14 m7= 18 m6groups= 24  orbits=  9 LP=28:  9 exc= 0  (0.04s)
p= 229  n_pts= 1824  m8= 22 m7=  6 m6groups= 21  orbits=  3 LP=28:  3 exc= 0  (0.03s)
p= 233  n_pts= 1856  m8= 16 m7= 20 m6groups= 13  orbits= 10 LP=28: 10 exc= 0  (0.05s)
p= 239  n_pts= 1904  m8= 22 m7= 16 m6groups= 20  orbits=  8 LP=28:  8 exc= 0  (0.05s)
p= 241  n_pts= 1920  m8= 14 m7= 26 m6groups= 25  orbits= 13 LP=28: 13 exc= 0  (0.07s)
p= 251  n_pts= 2000  m8= 20 m7= 18 m6groups= 24  orbits=  9 LP=28:  9 exc= 0  (0.06s)
p= 257  n_pts= 2048  m8= 26 m7= 18 m6groups= 17  orbits=  9 LP=28:  9 exc= 0  (0.06s)
p= 263  n_pts= 2096  m8= 26 m7= 20 m6groups= 18  orbits= 10 LP=28: 10 exc= 0  (0.07s)
p= 269  n_pts= 2144  m8= 20 m7= 28 m6groups= 25  orbits= 14 LP=28: 14 exc= 0  (0.09s)
p= 271  n_pts= 2160  m8= 28 m7= 18 m6groups= 20  orbits=  9 LP=28:  9 exc= 0  (0.06s)
p= 277  n_pts= 2208  m8= 26 m7= 28 m6groups= 19  orbits= 14 LP=28: 14 exc= 0  (0.09s)
p= 281  n_pts= 2240  m8= 20 m7= 20 m6groups= 25  orbits= 10 LP=28: 10 exc= 0  (0.08s)
p= 283  n_pts= 2256  m8= 20 m7= 34 m6groups= 16  orbits= 17 LP=28: 17 exc= 0  (0.09s)
p= 293  n_pts= 2336  m8= 24 m7= 26 m6groups= 31  orbits= 13 LP=28: 13 exc= 0  (0.10s)
p= 307  n_pts= 2448  m8= 18 m7= 36 m6groups= 22  orbits= 18 LP=28: 18 exc= 0  (0.12s)
p= 311  n_pts= 2480  m8= 22 m7= 18 m6groups= 36  orbits=  9 LP=28:  9 exc= 0  (0.08s)
p= 313  n_pts= 2496  m8= 20 m7= 26 m6groups= 23  orbits= 13 LP=28: 13 exc= 0  (0.09s)
p= 317  n_pts= 2528  m8= 26 m7= 24 m6groups= 23  orbits= 12 LP=28: 12 exc= 0  (0.11s)
p= 331  n_pts= 2640  m8= 34 m7= 14 m6groups= 34  orbits=  7 LP=28:  7 exc= 0  (0.09s)
p= 337  n_pts= 2688  m8= 22 m7= 24 m6groups= 31  orbits= 12 LP=28: 12 exc= 0  (0.11s)
p= 347  n_pts= 2768  m8= 24 m7= 34 m6groups= 28  orbits= 17 LP=28: 17 exc= 0  (0.16s)
p= 349  n_pts= 2784  m8= 26 m7= 28 m6groups= 35  orbits= 14 LP=28: 14 exc= 0  (0.16s)
p= 353  n_pts= 2816  m8= 30 m7= 20 m6groups= 27  orbits= 10 LP=28: 10 exc= 0  (0.09s)
p= 359  n_pts= 2864  m8= 38 m7= 18 m6groups= 32  orbits=  9 LP=28:  9 exc= 0  (0.08s)
p= 367  n_pts= 2928  m8= 28 m7= 40 m6groups= 22  orbits= 20 LP=28: 20 exc= 0  (0.14s)
p= 373  n_pts= 2976  m8= 32 m7= 34 m6groups= 23  orbits= 17 LP=28: 17 exc= 0  (0.14s)
p= 379  n_pts= 3024  m8= 36 m7= 28 m6groups= 30  orbits= 14 LP=28: 14 exc= 0  (0.12s)
p= 383  n_pts= 3056  m8= 36 m7= 30 m6groups= 28  orbits= 15 LP=28: 15 exc= 0  (0.13s)
p= 389  n_pts= 3104  m8= 34 m7= 38 m6groups= 33  orbits= 19 LP=28: 19 exc= 0  (0.15s)
p= 397  n_pts= 3168  m8= 36 m7= 24 m6groups= 29  orbits= 12 LP=28: 12 exc= 0  (0.13s)
p= 401  n_pts= 3200  m8= 32 m7= 30 m6groups= 35  orbits= 15 LP=28: 15 exc= 0  (0.13s)
p= 409  n_pts= 3264  m8= 24 m7= 38 m6groups= 39  orbits= 19 LP=28: 19 exc= 0  (0.14s)
p= 419  n_pts= 3344  m8= 40 m7= 30 m6groups= 34  orbits= 15 LP=28: 15 exc= 0  (0.13s)
p= 421  n_pts= 3360  m8= 30 m7= 34 m6groups= 33  orbits= 17 LP=28: 17 exc= 0  (0.14s)
p= 431  n_pts= 3440  m8= 30 m7= 42 m6groups= 34  orbits= 21 LP=28: 21 exc= 0  (0.17s)
p= 433  n_pts= 3456  m8= 34 m7= 26 m6groups= 37  orbits= 13 LP=28: 13 exc= 0  (0.13s)
p= 439  n_pts= 3504  m8= 34 m7= 30 m6groups= 44  orbits= 15 LP=28: 15 exc= 0  (0.14s)
p= 443  n_pts= 3536  m8= 34 m7= 42 m6groups= 34  orbits= 21 LP=28: 21 exc= 0  (0.17s)
p= 449  n_pts= 3584  m8= 38 m7= 38 m6groups= 37  orbits= 19 LP=28: 19 exc= 0  (0.17s)
p= 457  n_pts= 3648  m8= 34 m7= 34 m6groups= 33  orbits= 17 LP=28: 17 exc= 0  (0.16s)
p= 461  n_pts= 3680  m8= 32 m7= 36 m6groups= 37  orbits= 18 LP=28: 18 exc= 0  (0.18s)
p= 463  n_pts= 3696  m8= 34 m7= 42 m6groups= 38  orbits= 21 LP=28: 21 exc= 0  (0.18s)
p= 467  n_pts= 3728  m8= 38 m7= 40 m6groups= 38  orbits= 20 LP=28: 20 exc= 0  (0.18s)
p= 479  n_pts= 3824  m8= 38 m7= 40 m6groups= 40  orbits= 20 LP=28: 20 exc= 0  (0.18s)
p= 487  n_pts= 3888  m8= 34 m7= 46 m6groups= 40  orbits= 23 LP=28: 23 exc= 0  (0.20s)
p= 491  n_pts= 3920  m8= 32 m7= 40 m6groups= 50  orbits= 20 LP=28: 20 exc= 0  (0.19s)
p= 499  n_pts= 3984  m8= 40 m7= 34 m6groups= 50  orbits= 17 LP=28: 17 exc= 0  (0.18s)
# total elapsed 6.3s
wrote slack/t221_agents/orbit_cover_output.txt and orbit_cover_detail.json
JOB COMPLETE seven_cover
